*** Thông tin về các cổng hệ thống Open edX:

LMS(*)      80
CMS(*)      18010
Certs       18090
Discovery   18381
Ecommerce   18130
edx-release 8099
Forum       18080
Xqueue      18040

(*): Các hệ thống chính: LMS - Learning Managerment System, CMS - Course Managerment System.

Sau khi cài đặt hệ thống, các file chứa password sẽ nằm tại đường dẫn /root

*** Các thư mục quan trọng của edX platform
| Thư mục | Mô tả |
|--|--|
| /edx/app | Nơi chứa các các file cho tất cả các module |
| /edx/app/edx_ansible | Nơi chứa tệp server-vars.yml |
| /edx/app/edx_ansible/edx_ansible/playbooks | Chứa các file Ansible playbook |
| /edx/app/edxapp/edx-platform/themes | Nơi chứa các theme giao diện cho hệ thống |
| /edx/bin | Nơi chứa các file pip, ansible và bash admin |
| /edx/etc | Các file cấu hình cho tất cả module của edX |
| /edx/var | Chứa dữ liệu của hệ thống (app, logs,...) |

*** Sau khi cài đặt
#1. Tạo tài khoản superuser/staff (bắt buộc)
sudo -H -u edxapp bash
source /edx/app/edxapp/edxapp_env
# Chuyển vùng làm việc về thư mục edx-platform
$ cd /edx/app/edxapp/edx-platform

# Chạy 1 trong hai lệnh sau để tạo tài khoản
$ python ./manage.py lms manage_user CITDAdmin admin@citd.vn --staff --superuser --settings=production
$ python ./manage.py lms --settings production createsuperuser

# Chạy lệnh sau để đổi pass
$ python ./manage.py lms --settings production changepassword CITDAdmin

Bước này không bắt buộc:
Có thể add user ubuntu vào 2 group Open edX Linux, nhằm đơn giản hoá trong quá trình làm việc
$ sudo usermod -a -G www-data ubuntu
$ sudo usermod -a -G edxapp ubuntu

#2. Đổi ngôn ngữ của hệ thống
Hiện tại dự án dịch thuật hệ thống Open edX trên transifex đang tạm ngưng
Phần lớn hệ thống đã được translate qua tiếng việt.
Chạy các lệnh sau để cập nhật ngôn ngữ
$ sudo -H -u edxapp bash
$ source /edx/app/edxapp/edxapp_env
$ cd /edx/app/edxapp/edx-platform
$ paver i18n_dummy
Lệnh paver trên sẽ tải các ngôn ngữ được liệt kê sẵn trong mục 
của file nằm tại đường dẫn /edx/app/edxapp/edxplatform/conf/...yml
Truy cập vào <yourLMSSite>/update_lang/ -> Chọn ngôn ngữ -> OK

#3. Đổi logo
Thay thế logo mặc định tại /edx/app/edxapp/edx-platform/lms/static/images, file logo mới nên được đặt tên là logo.png
Chạy lệnh sau để hoàn tất cài đặt (yêu cầu quyền root)
$ sudo ./compileStaticAssets.sh

#4. Setup SMTP email
- Truy cập https://myaccount.google.com/lesssecureapps (nếu sử dụng gmail) và thay đổi cài đặt cho lựa chọn "Allow less secure apps" về "on".
- Chạy script sau để cài nhanh (áp dụng với gmail)
$ sudo ./SMTP.sh -u EMAILADDRESS -p PASS
- Chạy lệnh trên với option -h để biết thêm các lựa chọn khác

#5. Install Notes and Annotations
- 

#6. Install Ecommerce

### Troubleshoot
** Lỗi Uh no server Error:
Cách 1: Chạy Lệnh
$ pkill -9 nginx && nginx -c /etc/nginx/nginx.conf && nginx -s reload
Cách 2: sudo <path>/fixInstallFailed.sh